==== core/address.wast ====
==== core/align.wast ====
==== core/annotations.wast ====
File "wasm-test-suite/core/annotations.wast", line 2, characters 3-5:
Unknown operator '@a'.
==== core/binary-leb128.wast ====
==== core/binary.wast ====
==== core/block.wast ====
Parsing should have failed (mismatching label): (func block end $l)
Parsing should have failed (mismatching label): (func block $a end $l)
==== core/br.wast ====
==== core/br_if.wast ====
==== core/br_on_non_null.wast ====
==== core/br_on_null.wast ====
==== core/br_table.wast ====
==== core/bulk-memory/bulk.wast ====
==== core/bulk-memory/memory_copy.wast ====
==== core/bulk-memory/memory_fill.wast ====
==== core/bulk-memory/memory_init.wast ====
==== core/bulk-memory/table-sub.wast ====
==== core/bulk-memory/table_copy.wast ====
==== core/bulk-memory/table_fill.wast ====
==== core/bulk-memory/table_init.wast ====
==== core/call.wast ====
==== core/call_indirect.wast ====
==== core/call_ref.wast ====
==== core/comments.wast ====
==== core/const.wast ====
==== core/conversions.wast ====
==== core/custom.wast ====
==== core/data.wast ====
==== core/elem.wast ====
Fatal error: exception Failure("Unbound type 0")
==== core/endianness.wast ====
==== core/exceptions/tag.wast ====
Validation should have failed (non-empty tag result type):
  (module (tag (result i32)))
Validation should have failed (non-empty tag result type):
  (module (import "" "" (tag (result i32))))
Validation should have failed (non-empty tag result type):
  (module (tag (result i32)))
Validation should have failed (non-empty tag result type):
  (module (import "" "" (tag (result i32))))
==== core/exceptions/throw.wast ====
==== core/exceptions/throw_ref.wast ====
==== core/exceptions/try_table.wast ====
==== core/exports.wast ====
==== core/f32.wast ====
==== core/f32_bitwise.wast ====
==== core/f32_cmp.wast ====
==== core/f64.wast ====
==== core/f64_bitwise.wast ====
==== core/f64_cmp.wast ====
==== core/fac.wast ====
==== core/float_exprs.wast ====
==== core/float_literals.wast ====
==== core/float_memory.wast ====
==== core/float_misc.wast ====
==== core/forward.wast ====
==== core/func.wast ====
Fatal error: exception Failure("Unbound type 1")
==== core/func_ptrs.wast ====
==== core/gc/array.wast ====
==== core/gc/array_copy.wast ====
==== core/gc/array_fill.wast ====
==== core/gc/array_init_data.wast ====
==== core/gc/array_init_elem.wast ====
==== core/gc/array_new_data.wast ====
==== core/gc/array_new_elem.wast ====
==== core/gc/binary-gc.wast ====
==== core/gc/br_on_cast.wast ====
==== core/gc/br_on_cast_fail.wast ====
==== core/gc/extern.wast ====
==== core/gc/i31.wast ====
==== core/gc/ref_cast.wast ====
==== core/gc/ref_eq.wast ====
==== core/gc/ref_test.wast ====
==== core/gc/struct.wast ====
==== core/gc/type-subtyping.wast ====
==== core/global.wast ====
==== core/i32.wast ====
==== core/i64.wast ====
==== core/id.wast ====
File "wasm-test-suite/core/id.wast", line 5, characters 8-10:
Unknown operator '$"'.
==== core/if.wast ====
Parsing should have failed (mismatching label): (func i32.const 0 if end $l)
Parsing should have failed (mismatching label): (func i32.const 0 if $a end $l)
Parsing should have failed (mismatching label): (func i32.const 0 if else $l end)
Parsing should have failed (mismatching label): (func i32.const 0 if $a else $l end)
Parsing should have failed (mismatching label): (func i32.const 0 if else end $l)
Parsing should have failed (mismatching label): (func i32.const 0 if else $l end $l)
Parsing should have failed (mismatching label): (func i32.const 0 if else $l1 end $l2)
Parsing should have failed (mismatching label): (func i32.const 0 if $a else end $l)
Parsing should have failed (mismatching label): (func i32.const 0 if $a else $a end $l)
Parsing should have failed (mismatching label): (func i32.const 0 if $a else $l end $l)
==== core/imports.wast ====
==== core/inline-module.wast ====
==== core/instance.wast ====
==== core/int_exprs.wast ====
==== core/int_literals.wast ====
==== core/labels.wast ====
==== core/left-to-right.wast ====
==== core/linking.wast ====
==== core/load.wast ====
==== core/local_get.wast ====
==== core/local_init.wast ====
Validation should have failed (uninitialized local):
  (module (func $uninit  (local $x (ref extern)) (drop (local.get $x))))
Validation should have failed (uninitialized local):
  (module
    (func $uninit-after-end (param $p (ref extern))
      (local $x (ref extern))
      (block
        (local.set $x (local.get $p))
        (drop (local.tee $x (local.get $p))))
      (drop (local.get $x))
    )
  )
Validation should have failed (uninitialized local):
  (module
    (func $uninit-from-if (param $p (ref extern))
      (local $x (ref extern))
      (if (i32.const 0)
        (then (local.set $x (local.get $p)))
        (else (local.set $x (local.get $p))))
      (drop (local.get $x))
    )
  )
Validation should have failed (uninitialized local):
  (module (func $uninit  (local $x (ref extern)) (drop (local.get $x))))
Validation should have failed (uninitialized local):
  (module
    (func $uninit-after-end (param $p (ref extern))
      (local $x (ref extern))
      (block
        (local.set $x (local.get $p))
        (drop (local.tee $x (local.get $p))))
      (drop (local.get $x))
    )
  )
Validation should have failed (uninitialized local):
  (module
    (func $uninit-from-if (param $p (ref extern))
      (local $x (ref extern))
      (if (i32.const 0)
        (then (local.set $x (local.get $p)))
        (else (local.set $x (local.get $p))))
      (drop (local.get $x))
    )
  )
==== core/local_set.wast ====
==== core/local_tee.wast ====
==== core/loop.wast ====
Parsing should have failed (mismatching label): (func loop end $l)
Parsing should have failed (mismatching label): (func loop $a end $l)
==== core/memory.wast ====
==== core/memory64/address64.wast ====
==== core/memory64/align64.wast ====
==== core/memory64/binary_leb128_64.wast ====
==== core/memory64/bulk64.wast ====
==== core/memory64/call_indirect64.wast ====
==== core/memory64/endianness64.wast ====
==== core/memory64/float_memory64.wast ====
==== core/memory64/load64.wast ====
==== core/memory64/memory64-imports.wast ====
==== core/memory64/memory64.wast ====
==== core/memory64/memory_copy64.wast ====
==== core/memory64/memory_fill64.wast ====
==== core/memory64/memory_grow64.wast ====
==== core/memory64/memory_init64.wast ====
==== core/memory64/memory_redundancy64.wast ====
==== core/memory64/memory_trap64.wast ====
==== core/memory64/table64.wast ====
==== core/memory64/table_copy64.wast ====
==== core/memory64/table_copy_mixed.wast ====
==== core/memory64/table_fill64.wast ====
==== core/memory64/table_get64.wast ====
==== core/memory64/table_grow64.wast ====
==== core/memory64/table_init64.wast ====
==== core/memory64/table_set64.wast ====
==== core/memory64/table_size64.wast ====
==== core/memory_grow.wast ====
==== core/memory_redundancy.wast ====
==== core/memory_size.wast ====
==== core/memory_trap.wast ====
==== core/multi-memory/address0.wast ====
==== core/multi-memory/address1.wast ====
==== core/multi-memory/align0.wast ====
==== core/multi-memory/binary0.wast ====
==== core/multi-memory/data0.wast ====
==== core/multi-memory/data1.wast ====
==== core/multi-memory/data_drop0.wast ====
==== core/multi-memory/exports0.wast ====
==== core/multi-memory/float_exprs0.wast ====
==== core/multi-memory/float_exprs1.wast ====
==== core/multi-memory/float_memory0.wast ====
==== core/multi-memory/imports0.wast ====
==== core/multi-memory/imports1.wast ====
==== core/multi-memory/imports2.wast ====
==== core/multi-memory/imports3.wast ====
==== core/multi-memory/imports4.wast ====
==== core/multi-memory/linking0.wast ====
==== core/multi-memory/linking1.wast ====
==== core/multi-memory/linking2.wast ====
==== core/multi-memory/linking3.wast ====
==== core/multi-memory/load0.wast ====
==== core/multi-memory/load1.wast ====
==== core/multi-memory/load2.wast ====
==== core/multi-memory/memory-multi.wast ====
==== core/multi-memory/memory_copy0.wast ====
==== core/multi-memory/memory_copy1.wast ====
==== core/multi-memory/memory_fill0.wast ====
==== core/multi-memory/memory_grow.wast ====
==== core/multi-memory/memory_init0.wast ====
==== core/multi-memory/memory_size0.wast ====
==== core/multi-memory/memory_size1.wast ====
==== core/multi-memory/memory_size2.wast ====
==== core/multi-memory/memory_size3.wast ====
==== core/multi-memory/memory_size_import.wast ====
==== core/multi-memory/memory_trap0.wast ====
==== core/multi-memory/memory_trap1.wast ====
==== core/multi-memory/start0.wast ====
==== core/multi-memory/store0.wast ====
==== core/multi-memory/store1.wast ====
==== core/multi-memory/store2.wast ====
==== core/multi-memory/traps0.wast ====
==== core/names.wast ====
==== core/nop.wast ====
==== core/obsolete-keywords.wast ====
==== core/ref.wast ====
==== core/ref_as_non_null.wast ====
==== core/ref_func.wast ====
==== core/ref_is_null.wast ====
==== core/ref_null.wast ====
==== core/relaxed-simd/i16x8_relaxed_q15mulr_s.wast ====
==== core/relaxed-simd/i32x4_relaxed_trunc.wast ====
==== core/relaxed-simd/i8x16_relaxed_swizzle.wast ====
==== core/relaxed-simd/relaxed_dot_product.wast ====
==== core/relaxed-simd/relaxed_laneselect.wast ====
==== core/relaxed-simd/relaxed_madd_nmadd.wast ====
==== core/relaxed-simd/relaxed_min_max.wast ====
==== core/return.wast ====
==== core/return_call.wast ====
==== core/return_call_indirect.wast ====
==== core/return_call_ref.wast ====
==== core/select.wast ====
==== core/simd/simd_address.wast ====
==== core/simd/simd_align.wast ====
==== core/simd/simd_bit_shift.wast ====
==== core/simd/simd_bitwise.wast ====
==== core/simd/simd_boolean.wast ====
==== core/simd/simd_const.wast ====
==== core/simd/simd_conversions.wast ====
==== core/simd/simd_f32x4.wast ====
==== core/simd/simd_f32x4_arith.wast ====
==== core/simd/simd_f32x4_cmp.wast ====
==== core/simd/simd_f32x4_pmin_pmax.wast ====
==== core/simd/simd_f32x4_rounding.wast ====
==== core/simd/simd_f64x2.wast ====
==== core/simd/simd_f64x2_arith.wast ====
==== core/simd/simd_f64x2_cmp.wast ====
==== core/simd/simd_f64x2_pmin_pmax.wast ====
==== core/simd/simd_f64x2_rounding.wast ====
==== core/simd/simd_i16x8_arith.wast ====
==== core/simd/simd_i16x8_arith2.wast ====
==== core/simd/simd_i16x8_cmp.wast ====
==== core/simd/simd_i16x8_extadd_pairwise_i8x16.wast ====
==== core/simd/simd_i16x8_extmul_i8x16.wast ====
==== core/simd/simd_i16x8_q15mulr_sat_s.wast ====
==== core/simd/simd_i16x8_sat_arith.wast ====
==== core/simd/simd_i32x4_arith.wast ====
==== core/simd/simd_i32x4_arith2.wast ====
==== core/simd/simd_i32x4_cmp.wast ====
==== core/simd/simd_i32x4_dot_i16x8.wast ====
==== core/simd/simd_i32x4_extadd_pairwise_i16x8.wast ====
==== core/simd/simd_i32x4_extmul_i16x8.wast ====
==== core/simd/simd_i32x4_trunc_sat_f32x4.wast ====
==== core/simd/simd_i32x4_trunc_sat_f64x2.wast ====
==== core/simd/simd_i64x2_arith.wast ====
==== core/simd/simd_i64x2_arith2.wast ====
==== core/simd/simd_i64x2_cmp.wast ====
==== core/simd/simd_i64x2_extmul_i32x4.wast ====
==== core/simd/simd_i8x16_arith.wast ====
==== core/simd/simd_i8x16_arith2.wast ====
==== core/simd/simd_i8x16_cmp.wast ====
==== core/simd/simd_i8x16_sat_arith.wast ====
==== core/simd/simd_int_to_int_extend.wast ====
==== core/simd/simd_lane.wast ====
==== core/simd/simd_linking.wast ====
==== core/simd/simd_load.wast ====
==== core/simd/simd_load16_lane.wast ====
==== core/simd/simd_load32_lane.wast ====
==== core/simd/simd_load64_lane.wast ====
==== core/simd/simd_load8_lane.wast ====
==== core/simd/simd_load_extend.wast ====
==== core/simd/simd_load_splat.wast ====
==== core/simd/simd_load_zero.wast ====
==== core/simd/simd_memory-multi.wast ====
==== core/simd/simd_select.wast ====
==== core/simd/simd_splat.wast ====
==== core/simd/simd_store.wast ====
==== core/simd/simd_store16_lane.wast ====
==== core/simd/simd_store32_lane.wast ====
==== core/simd/simd_store64_lane.wast ====
==== core/simd/simd_store8_lane.wast ====
==== core/skip-stack-guard-page.wast ====
==== core/stack.wast ====
Fatal error: exception Invalid_argument("index out of bounds")
==== core/start.wast ====
==== core/store.wast ====
==== core/switch.wast ====
==== core/table.wast ====
==== core/table_get.wast ====
==== core/table_grow.wast ====
==== core/table_set.wast ====
==== core/table_size.wast ====
==== core/token.wast ====
==== core/traps.wast ====
==== core/type-canon.wast ====
==== core/type-equivalence.wast ====
==== core/type-rec.wast ====
==== core/type.wast ====
==== core/unreachable.wast ====
==== core/unreached-invalid.wast ====
==== core/unreached-valid.wast ====
==== core/unwind.wast ====
==== core/utf8-custom-section-id.wast ====
==== core/utf8-import-field.wast ====
==== core/utf8-import-module.wast ====
==== core/utf8-invalid-encoding.wast ====
==== legacy/exceptions/core/throw.wast ====
==== legacy/exceptions/core/try_catch.wast ====
